------------------------------------------------------------
TimeQuest Timing Analyzer Summary
------------------------------------------------------------

Type  : Slow Model Setup 'CLOCK_50'
Slack : 7.806
TNS   : 0.000

Type  : Slow Model Setup 'CII_Starter_USB_API:inst|Multi_Sdram:u3|Sdram_Controller:u1|PLL1:sdram_pll1|altpll:altpll_component|_clk0'
Slack : 11.905
TNS   : 0.000

Type  : Slow Model Hold 'CLOCK_50'
Slack : -2.143
TNS   : -35.372

Type  : Slow Model Hold 'CII_Starter_USB_API:inst|Multi_Sdram:u3|Sdram_Controller:u1|PLL1:sdram_pll1|altpll:altpll_component|_clk0'
Slack : 0.445
TNS   : 0.000

Type  : Slow Model Minimum Pulse Width 'CII_Starter_USB_API:inst|Multi_Sdram:u3|Sdram_Controller:u1|PLL1:sdram_pll1|altpll:altpll_component|_clk0'
Slack : 8.889
TNS   : 0.000

Type  : Slow Model Minimum Pulse Width 'CLOCK_50'
Slack : 8.889
TNS   : 0.000

Type  : Fast Model Setup 'CLOCK_50'
Slack : 15.362
TNS   : 0.000

Type  : Fast Model Setup 'CII_Starter_USB_API:inst|Multi_Sdram:u3|Sdram_Controller:u1|PLL1:sdram_pll1|altpll:altpll_component|_clk0'
Slack : 15.881
TNS   : 0.000

Type  : Fast Model Hold 'CLOCK_50'
Slack : -1.823
TNS   : -31.440

Type  : Fast Model Hold 'CII_Starter_USB_API:inst|Multi_Sdram:u3|Sdram_Controller:u1|PLL1:sdram_pll1|altpll:altpll_component|_clk0'
Slack : 0.215
TNS   : 0.000

Type  : Fast Model Minimum Pulse Width 'CII_Starter_USB_API:inst|Multi_Sdram:u3|Sdram_Controller:u1|PLL1:sdram_pll1|altpll:altpll_component|_clk0'
Slack : 9.000
TNS   : 0.000

Type  : Fast Model Minimum Pulse Width 'CLOCK_50'
Slack : 9.000
TNS   : 0.000

------------------------------------------------------------
